// Jest Snapshot v1, https://goo.gl/fbAQLP

exports[`Calculator Component Snapshot Tests displays the Calculator component 1`] = `
<div
  className="container"
>
  <div
    className="text"
  >
    <h1>
      Lets Do Some Math!
    </h1>
  </div>
  <div
    className="calculator"
  >
    <div
      className="outputs"
    >
      0
    </div>
    <div
      className="keys"
    >
      <div
        className="rows"
      >
        <div
          className="row1"
        >
          <button
            onClick={[Function]}
            type="button"
          >
            AC
          </button>
          <button
            onClick={[Function]}
            type="button"
          >
            +/-
          </button>
          <button
            onClick={[Function]}
            type="button"
          >
            %
          </button>
          <button
            className="far-right"
            onClick={[Function]}
            type="button"
          >
            รท
          </button>
        </div>
        <div
          className="row1"
        >
          <button
            onClick={[Function]}
            type="button"
          >
            7
          </button>
          <button
            onClick={[Function]}
            type="button"
          >
            8
          </button>
          <button
            onClick={[Function]}
            type="button"
          >
            9
          </button>
          <button
            className="far-right"
            onClick={[Function]}
            type="button"
          >
            x
          </button>
        </div>
        <div
          className="row1"
        >
          <button
            onClick={[Function]}
            type="button"
          >
            4
          </button>
          <button
            onClick={[Function]}
            type="button"
          >
            5
          </button>
          <button
            onClick={[Function]}
            type="button"
          >
            6
          </button>
          <button
            className="far-right"
            onClick={[Function]}
            type="button"
          >
            -
          </button>
        </div>
        <div
          className="row1"
        >
          <button
            onClick={[Function]}
            type="button"
          >
            1
          </button>
          <button
            onClick={[Function]}
            type="button"
          >
            2
          </button>
          <button
            onClick={[Function]}
            type="button"
          >
            3
          </button>
          <button
            className="far-right"
            onClick={[Function]}
            type="button"
          >
            +
          </button>
        </div>
        <div
          className="bottom"
        >
          <button
            className="zero"
            onClick={[Function]}
            type="button"
          >
            0
          </button>
          <button
            className="point"
            onClick={[Function]}
            type="button"
          >
            .
          </button>
          <button
            className="far-right"
            onClick={[Function]}
            type="button"
          >
            =
          </button>
        </div>
      </div>
    </div>
  </div>
</div>
`;
